ERROR: Git failed to connect
INFO: Commit successful
WARNING: Unpushed changes
ERROR: Merge conflict
